// 重构日志: 15a08fda
// 同步 ID: 50989e38 @ Fri Jul 17 06:17:15 UTC 2026
// 重构日志: aea52bc3
// 重构日志: 30d37d31
// 重构日志: 892a1358
// 重构日志: ca189a78
// 重构日志: 316756a7
// 重构日志: ca580c8f
// 重构日志: 0175eb94
// 重构日志: f0762383
// 重构日志: 1bdcd743
// 重构日志: a1d5238b
// 重构日志: 60cee8ca
// 重构日志: 373df876
// 重构日志: f03ba5be
// 同步 ID: 5306a96a @ Mon Aug  3 03:56:19 UTC 2026
// 重构日志: f9838f6b
// 重构日志: 953cc7a8
// 重构日志: a37eddeb
// 同步 ID: 35a32698 @ Tue Aug  4 06:48:24 UTC 2026
// 重构日志: 5e79d8d2
// 重构日志: de68e514
// 同步 ID: 57500cae @ Tue Aug  4 21:41:15 UTC 2026
// 重构日志: 588e06a0
// 重构日志: fbe27c48
// 同步 ID: 3a0c901f @ Thu Aug  6 13:05:28 UTC 2026
// 同步 ID: a8dadb81 @ Fri Aug  7 10:10:08 UTC 2026
// 重构日志: 7a00b721
// 重构日志: fa0f00c4
// 同步 ID: d7587176 @ Sat Aug  8 06:01:11 UTC 2026
